Archive member included to satisfy reference by file (symbol)

c:/nxp/lpcxpresso_8.2.2_650/lpcxpresso/tools/bin/../lib/gcc/arm-none-eabi/5.4.1/../../../../arm-none-eabi/lib/armv7-m\libcr_c.a(__weak__main.o)
                              ./src/cr_startup_lpc175x_6x.o (__main)

Discarded input sections

 .group         0x00000000        0x8 ./src/DR_EINT.o
 .group         0x00000000        0x8 ./src/DR_EINT.o
 .group         0x00000000        0x8 ./src/DR_EINT.o
 .group         0x00000000        0x8 ./src/DR_EINT.o
 .group         0x00000000        0x8 ./src/DR_EINT.o
 .group         0x00000000        0x8 ./src/DR_EINT.o
 .text          0x00000000        0x0 ./src/DR_EINT.o
 .data          0x00000000        0x0 ./src/DR_EINT.o
 .bss           0x00000000        0x0 ./src/DR_EINT.o
 .text.EXTINT_Inicializacion
                0x00000000       0xbc ./src/DR_EINT.o
 .group         0x00000000        0x8 ./src/DR_PLL.o
 .group         0x00000000        0x8 ./src/DR_PLL.o
 .group         0x00000000        0x8 ./src/DR_PLL.o
 .text          0x00000000        0x0 ./src/DR_PLL.o
 .data          0x00000000        0x0 ./src/DR_PLL.o
 .bss           0x00000000        0x0 ./src/DR_PLL.o
 .debug_macro   0x00000000      0x886 ./src/DR_PLL.o
 .debug_macro   0x00000000       0x2e ./src/DR_PLL.o
 .group         0x00000000        0x8 ./src/DR_SysTick.o
 .group         0x00000000        0x8 ./src/DR_SysTick.o
 .group         0x00000000        0x8 ./src/DR_SysTick.o
 .group         0x00000000        0x8 ./src/DR_SysTick.o
 .group         0x00000000        0x8 ./src/DR_SysTick.o
 .group         0x00000000        0x8 ./src/DR_SysTick.o
 .group         0x00000000        0x8 ./src/DR_SysTick.o
 .text          0x00000000        0x0 ./src/DR_SysTick.o
 .data          0x00000000        0x0 ./src/DR_SysTick.o
 .bss           0x00000000        0x0 ./src/DR_SysTick.o
 .text.InicializarSysTick
                0x00000000       0x28 ./src/DR_SysTick.o
 .debug_macro   0x00000000      0x886 ./src/DR_SysTick.o
 .debug_macro   0x00000000       0x2e ./src/DR_SysTick.o
 .debug_macro   0x00000000      0x172 ./src/DR_SysTick.o
 .group         0x00000000        0x8 ./src/DR_Teclados.o
 .group         0x00000000        0x8 ./src/DR_Teclados.o
 .group         0x00000000        0x8 ./src/DR_Teclados.o
 .group         0x00000000        0x8 ./src/DR_Teclados.o
 .group         0x00000000        0x8 ./src/DR_Teclados.o
 .group         0x00000000        0x8 ./src/DR_Teclados.o
 .text          0x00000000        0x0 ./src/DR_Teclados.o
 .data          0x00000000        0x0 ./src/DR_Teclados.o
 .bss           0x00000000        0x0 ./src/DR_Teclados.o
 .text.InicializarTeclados
                0x00000000       0x80 ./src/DR_Teclados.o
 .debug_macro   0x00000000      0x886 ./src/DR_Teclados.o
 .debug_macro   0x00000000       0x2e ./src/DR_Teclados.o
 .debug_macro   0x00000000       0x5e ./src/DR_Teclados.o
 .debug_macro   0x00000000      0x172 ./src/DR_Teclados.o
 .debug_macro   0x00000000      0x100 ./src/DR_Teclados.o
 .debug_macro   0x00000000       0x28 ./src/DR_Teclados.o
 .group         0x00000000        0x8 ./src/DR_Timer.o
 .group         0x00000000        0x8 ./src/DR_Timer.o
 .group         0x00000000        0x8 ./src/DR_Timer.o
 .group         0x00000000        0x8 ./src/DR_Timer.o
 .group         0x00000000        0x8 ./src/DR_Timer.o
 .group         0x00000000        0x8 ./src/DR_Timer.o
 .group         0x00000000        0x8 ./src/DR_Timer.o
 .group         0x00000000        0x8 ./src/DR_Timer.o
 .group         0x00000000        0x8 ./src/DR_Timer.o
 .text          0x00000000        0x0 ./src/DR_Timer.o
 .data          0x00000000        0x0 ./src/DR_Timer.o
 .bss           0x00000000        0x0 ./src/DR_Timer.o
 .text.TIMER_Init
                0x00000000      0x1c4 ./src/DR_Timer.o
 .text.TIMER_DeInit
                0x00000000      0x134 ./src/DR_Timer.o
 .text.TIMER_Stop
                0x00000000       0x7c ./src/DR_Timer.o
 .text.TIMER_Reset
                0x00000000       0xac ./src/DR_Timer.o
 .text.TIMER_ConfigureCaptureChannel
                0x00000000      0x1e8 ./src/DR_Timer.o
 .text.TIMER_GetCounterValue
                0x00000000       0x60 ./src/DR_Timer.o
 .text.TIMER_GetCaptureState
                0x00000000       0x50 ./src/DR_Timer.o
 .text.TIMER_GetCaptureCount
                0x00000000       0x3c ./src/DR_Timer.o
 .text.TIMER_ResetCaptureCount
                0x00000000       0x3c ./src/DR_Timer.o
 .debug_macro   0x00000000      0x886 ./src/DR_Timer.o
 .debug_macro   0x00000000       0x64 ./src/DR_Timer.o
 .debug_macro   0x00000000       0x2e ./src/DR_Timer.o
 .group         0x00000000        0x8 ./src/DR_UART0.o
 .group         0x00000000        0x8 ./src/DR_UART0.o
 .group         0x00000000        0x8 ./src/DR_UART0.o
 .group         0x00000000        0x8 ./src/DR_UART0.o
 .group         0x00000000        0x8 ./src/DR_UART0.o
 .group         0x00000000        0x8 ./src/DR_UART0.o
 .group         0x00000000        0x8 ./src/DR_UART0.o
 .group         0x00000000        0x8 ./src/DR_UART0.o
 .text          0x00000000        0x0 ./src/DR_UART0.o
 .data          0x00000000        0x0 ./src/DR_UART0.o
 .bss           0x00000000        0x0 ./src/DR_UART0.o
 .debug_macro   0x00000000      0x886 ./src/DR_UART0.o
 .debug_macro   0x00000000       0x2e ./src/DR_UART0.o
 .debug_macro   0x00000000      0x264 ./src/DR_UART0.o
 .debug_macro   0x00000000       0x64 ./src/DR_UART0.o
 .debug_macro   0x00000000      0x172 ./src/DR_UART0.o
 .debug_macro   0x00000000       0x2e ./src/DR_UART0.o
 .debug_macro   0x00000000      0x172 ./src/DR_UART0.o
 .group         0x00000000        0x8 ./src/DR_gpio.o
 .group         0x00000000        0x8 ./src/DR_gpio.o
 .group         0x00000000        0x8 ./src/DR_gpio.o
 .text          0x00000000        0x0 ./src/DR_gpio.o
 .data          0x00000000        0x0 ./src/DR_gpio.o
 .bss           0x00000000        0x0 ./src/DR_gpio.o
 .debug_macro   0x00000000      0x886 ./src/DR_gpio.o
 .debug_macro   0x00000000       0x2e ./src/DR_gpio.o
 .group         0x00000000        0x8 ./src/DR_pinsel.o
 .group         0x00000000        0x8 ./src/DR_pinsel.o
 .group         0x00000000        0x8 ./src/DR_pinsel.o
 .text          0x00000000        0x0 ./src/DR_pinsel.o
 .data          0x00000000        0x0 ./src/DR_pinsel.o
 .bss           0x00000000        0x0 ./src/DR_pinsel.o
 .debug_macro   0x00000000      0x886 ./src/DR_pinsel.o
 .debug_macro   0x00000000       0x2e ./src/DR_pinsel.o
 .debug_macro   0x00000000       0x5e ./src/DR_pinsel.o
 .group         0x00000000        0x8 ./src/PR_Teclado.o
 .group         0x00000000        0x8 ./src/PR_Teclado.o
 .group         0x00000000        0x8 ./src/PR_Teclado.o
 .group         0x00000000        0x8 ./src/PR_Teclado.o
 .group         0x00000000        0x8 ./src/PR_Teclado.o
 .group         0x00000000        0x8 ./src/PR_Teclado.o
 .text          0x00000000        0x0 ./src/PR_Teclado.o
 .data          0x00000000        0x0 ./src/PR_Teclado.o
 .bss           0x00000000        0x0 ./src/PR_Teclado.o
 .text.GetKey   0x00000000       0x18 ./src/PR_Teclado.o
 .debug_info    0x00000000       0x84 ./src/PR_Teclado.o
 .debug_abbrev  0x00000000       0x6c ./src/PR_Teclado.o
 .debug_aranges
                0x00000000       0x20 ./src/PR_Teclado.o
 .debug_ranges  0x00000000       0x10 ./src/PR_Teclado.o
 .debug_macro   0x00000000       0x5a ./src/PR_Teclado.o
 .debug_macro   0x00000000      0x886 ./src/PR_Teclado.o
 .debug_macro   0x00000000       0x2e ./src/PR_Teclado.o
 .debug_macro   0x00000000       0x5e ./src/PR_Teclado.o
 .debug_macro   0x00000000      0x172 ./src/PR_Teclado.o
 .debug_macro   0x00000000      0x100 ./src/PR_Teclado.o
 .debug_macro   0x00000000       0x28 ./src/PR_Teclado.o
 .debug_line    0x00000000       0xa1 ./src/PR_Teclado.o
 .debug_str     0x00000000     0x2dad ./src/PR_Teclado.o
 .comment       0x00000000       0x6f ./src/PR_Teclado.o
 .debug_frame   0x00000000       0x30 ./src/PR_Teclado.o
 .ARM.attributes
                0x00000000       0x33 ./src/PR_Teclado.o
 .group         0x00000000        0x8 ./src/PR_UART.o
 .group         0x00000000        0x8 ./src/PR_UART.o
 .group         0x00000000        0x8 ./src/PR_UART.o
 .group         0x00000000        0x8 ./src/PR_UART.o
 .group         0x00000000        0x8 ./src/PR_UART.o
 .group         0x00000000        0x8 ./src/PR_UART.o
 .group         0x00000000        0x8 ./src/PR_UART.o
 .group         0x00000000        0x8 ./src/PR_UART.o
 .text          0x00000000        0x0 ./src/PR_UART.o
 .data          0x00000000        0x0 ./src/PR_UART.o
 .bss           0x00000000        0x0 ./src/PR_UART.o
 .text.comunicacion_serie
                0x00000000        0xc ./src/PR_UART.o
 .debug_macro   0x00000000      0x886 ./src/PR_UART.o
 .debug_macro   0x00000000       0x2e ./src/PR_UART.o
 .debug_macro   0x00000000      0x264 ./src/PR_UART.o
 .debug_macro   0x00000000       0x64 ./src/PR_UART.o
 .debug_macro   0x00000000      0x172 ./src/PR_UART.o
 .debug_macro   0x00000000       0x2e ./src/PR_UART.o
 .debug_macro   0x00000000      0x172 ./src/PR_UART.o
 .debug_macro   0x00000000      0x12a ./src/PR_UART.o
 .group         0x00000000        0x8 ./src/cr_startup_lpc175x_6x.o
 .text          0x00000000        0x0 ./src/cr_startup_lpc175x_6x.o
 .data          0x00000000        0x0 ./src/cr_startup_lpc175x_6x.o
 .bss           0x00000000        0x0 ./src/cr_startup_lpc175x_6x.o
 .debug_macro   0x00000000      0x886 ./src/cr_startup_lpc175x_6x.o
 .group         0x00000000        0x8 ./src/crp.o
 .group         0x00000000        0x8 ./src/crp.o
 .text          0x00000000        0x0 ./src/crp.o
 .data          0x00000000        0x0 ./src/crp.o
 .bss           0x00000000        0x0 ./src/crp.o
 .debug_macro   0x00000000      0x886 ./src/crp.o
 .group         0x00000000        0x8 ./src/main.o
 .group         0x00000000        0x8 ./src/main.o
 .group         0x00000000        0x8 ./src/main.o
 .group         0x00000000        0x8 ./src/main.o
 .group         0x00000000        0x8 ./src/main.o
 .group         0x00000000        0x8 ./src/main.o
 .group         0x00000000        0x8 ./src/main.o
 .group         0x00000000        0x8 ./src/main.o
 .group         0x00000000        0x8 ./src/main.o
 .group         0x00000000        0x8 ./src/main.o
 .group         0x00000000        0x8 ./src/main.o
 .group         0x00000000        0x8 ./src/main.o
 .group         0x00000000        0x8 ./src/main.o
 .text          0x00000000        0x0 ./src/main.o
 .data          0x00000000        0x0 ./src/main.o
 .bss           0x00000000        0x0 ./src/main.o
 .text.barrido_sensor
                0x00000000      0x100 ./src/main.o
 .bss.flan      0x00000000        0x1 ./src/main.o
 .bss.flan2     0x00000000        0x1 ./src/main.o
 .bss.contt     0x00000000        0x1 ./src/main.o
 .bss.is        0x00000000        0x1 ./src/main.o
 .data.color.3835
                0x00000000        0x1 ./src/main.o
 .bss.flag.3836
                0x00000000        0x1 ./src/main.o
 .debug_macro   0x00000000      0x886 ./src/main.o
 .debug_macro   0x00000000       0x2e ./src/main.o
 .debug_macro   0x00000000      0x264 ./src/main.o
 .debug_macro   0x00000000      0x172 ./src/main.o
 .debug_macro   0x00000000       0x64 ./src/main.o
 .debug_macro   0x00000000       0x28 ./src/main.o
 .debug_macro   0x00000000       0x2e ./src/main.o
 .debug_macro   0x00000000      0x172 ./src/main.o
 .debug_macro   0x00000000      0x12a ./src/main.o
 .text          0x00000000        0x0 c:/nxp/lpcxpresso_8.2.2_650/lpcxpresso/tools/bin/../lib/gcc/arm-none-eabi/5.4.1/../../../../arm-none-eabi/lib/armv7-m\libcr_c.a(__weak__main.o)
 .data          0x00000000        0x0 c:/nxp/lpcxpresso_8.2.2_650/lpcxpresso/tools/bin/../lib/gcc/arm-none-eabi/5.4.1/../../../../arm-none-eabi/lib/armv7-m\libcr_c.a(__weak__main.o)
 .bss           0x00000000        0x0 c:/nxp/lpcxpresso_8.2.2_650/lpcxpresso/tools/bin/../lib/gcc/arm-none-eabi/5.4.1/../../../../arm-none-eabi/lib/armv7-m\libcr_c.a(__weak__main.o)

Memory Configuration

Name             Origin             Length             Attributes
MFlash512        0x00000000         0x00080000         xr
RamLoc32         0x10000000         0x00008000         xrw
RamAHB32         0x2007c000         0x00008000         xrw
*default*        0x00000000         0xffffffff

Linker script and memory map

LOAD ./src/DR_EINT.o
LOAD ./src/DR_PLL.o
LOAD ./src/DR_SysTick.o
LOAD ./src/DR_Teclados.o
LOAD ./src/DR_Timer.o
LOAD ./src/DR_UART0.o
LOAD ./src/DR_gpio.o
LOAD ./src/DR_pinsel.o
LOAD ./src/PR_Teclado.o
LOAD ./src/PR_UART.o
LOAD ./src/cr_startup_lpc175x_6x.o
LOAD ./src/crp.o
LOAD ./src/main.o
START GROUP
LOAD c:/nxp/lpcxpresso_8.2.2_650/lpcxpresso/tools/bin/../lib/gcc/arm-none-eabi/5.4.1/../../../../arm-none-eabi/lib/armv7-m\libcr_c.a
LOAD c:/nxp/lpcxpresso_8.2.2_650/lpcxpresso/tools/bin/../lib/gcc/arm-none-eabi/5.4.1/armv7-m\libcr_eabihelpers.a
END GROUP
                0x00000000                __base_MFlash512 = 0x0
                0x00000000                __base_Flash = 0x0
                0x00080000                __top_MFlash512 = 0x80000
                0x00080000                __top_Flash = 0x80000
                0x10000000                __base_RamLoc32 = 0x10000000
                0x10000000                __base_RAM = 0x10000000
                0x10008000                __top_RamLoc32 = 0x10008000
                0x10008000                __top_RAM = 0x10008000
                0x2007c000                __base_RamAHB32 = 0x2007c000
                0x2007c000                __base_RAM2 = 0x2007c000
                0x20084000                __top_RamAHB32 = 0x20084000
                0x20084000                __top_RAM2 = 0x20084000

.text           0x00000000     0x1408
 FILL mask 0xff
                0x00000000                __vectors_start__ = ABSOLUTE (.)
 *(.isr_vector)
 .isr_vector    0x00000000       0xcc ./src/cr_startup_lpc175x_6x.o
                0x00000000                g_pfnVectors
                0x000000cc                . = ALIGN (0x4)
                0x000000cc                __section_table_start = .
                0x000000cc                __data_section_table = .
                0x000000cc        0x4 LONG 0x1408 LOADADDR (.data)
                0x000000d0        0x4 LONG 0x10000000 ADDR (.data)
                0x000000d4        0x4 LONG 0x4 SIZEOF (.data)
                0x000000d8        0x4 LONG 0x1408 LOADADDR (.data_RAM2)
                0x000000dc        0x4 LONG 0x2007c000 ADDR (.data_RAM2)
                0x000000e0        0x4 LONG 0x0 SIZEOF (.data_RAM2)
                0x000000e4                __data_section_table_end = .
                0x000000e4                __bss_section_table = .
                0x000000e4        0x4 LONG 0x10000004 ADDR (.bss)
                0x000000e8        0x4 LONG 0x1e8 SIZEOF (.bss)
                0x000000ec        0x4 LONG 0x2007c000 ADDR (.bss_RAM2)
                0x000000f0        0x4 LONG 0x0 SIZEOF (.bss_RAM2)
                0x000000f4                __bss_section_table_end = .
                0x000000f4                __section_table_end = .
 *(.after_vectors*)
 .after_vectors
                0x000000f4      0x140 ./src/cr_startup_lpc175x_6x.o
                0x000000f4                data_init
                0x00000138                bss_init
                0x00000170                ResetISR
                0x000001e4                NMI_Handler
                0x000001ec                HardFault_Handler
                0x000001f4                MemManage_Handler
                0x000001fc                BusFault_Handler
                0x00000204                UsageFault_Handler
                0x0000020c                SVC_Handler
                0x00000214                DebugMon_Handler
                0x0000021c                PendSV_Handler
                0x0000022c                CANActivity_IRQHandler
                0x0000022c                EINT2_IRQHandler
                0x0000022c                I2C1_IRQHandler
                0x0000022c                IntDefaultHandler
                0x0000022c                PLL0_IRQHandler
                0x0000022c                CAN_IRQHandler
                0x0000022c                PLL1_IRQHandler
                0x0000022c                SSP0_IRQHandler
                0x0000022c                UART1_IRQHandler
                0x0000022c                I2C2_IRQHandler
                0x0000022c                RTC_IRQHandler
                0x0000022c                SPI_IRQHandler
                0x0000022c                PWM1_IRQHandler
                0x0000022c                EINT1_IRQHandler
                0x0000022c                UART2_IRQHandler
                0x0000022c                ADC_IRQHandler
                0x0000022c                SSP1_IRQHandler
                0x0000022c                USB_IRQHandler
                0x0000022c                BOD_IRQHandler
                0x0000022c                USBActivity_IRQHandler
                0x0000022c                WDT_IRQHandler
                0x0000022c                I2C0_IRQHandler
                0x0000022c                QEI_IRQHandler
                0x0000022c                EINT0_IRQHandler
                0x0000022c                RIT_IRQHandler
                0x0000022c                DMA_IRQHandler
                0x0000022c                I2S_IRQHandler
                0x0000022c                UART3_IRQHandler
                0x0000022c                MCPWM_IRQHandler
                0x0000022c                ENET_IRQHandler
                0x000002fc                . = 0x2fc
 *fill*         0x00000234       0xc8 ff
                0x000002fc                PROVIDE (__CRP_WORD_START__, .)
 *(.crp)
 .crp           0x000002fc        0x4 ./src/crp.o
                0x000002fc                CRP_WORD
                0x00000300                PROVIDE (__CRP_WORD_END__, .)
                0x00000001                ASSERT (! ((__CRP_WORD_START__ == __CRP_WORD_END__)), Linker CRP Enabled, but no CRP_WORD provided within application)
 *(.text*)
 .text.EINT3_IRQHandler
                0x00000300       0x1c ./src/DR_EINT.o
                0x00000300                EINT3_IRQHandler
 .text.InicializarPLL
                0x0000031c      0x140 ./src/DR_PLL.o
                0x0000031c                InicializarPLL
 .text.SysTick_Handler
                0x0000045c        0xc ./src/DR_SysTick.o
                0x0000045c                SysTick_Handler
 .text.DriverTecladoHW
                0x00000468       0x5c ./src/DR_Teclados.o
                0x00000468                DriverTecladoHW
 .text.DriverTecladoSW
                0x000004c4       0x64 ./src/DR_Teclados.o
                0x000004c4                DriverTecladoSW
 .text.TIMER_SetRunningFrequency
                0x00000528       0xa4 ./src/DR_Timer.o
                0x00000528                TIMER_SetRunningFrequency
 .text.TIMER_SetMatch
                0x000005cc      0x118 ./src/DR_Timer.o
                0x000005cc                TIMER_SetMatch
 .text.TIMER_SetMatchCallback
                0x000006e4       0x2c ./src/DR_Timer.o
                0x000006e4                TIMER_SetMatchCallback
 .text.TIMER_Start
                0x00000710       0x7c ./src/DR_Timer.o
                0x00000710                TIMER_Start
 .text.TIMER_GetLastCaptureValue
                0x0000078c       0xc4 ./src/DR_Timer.o
                0x0000078c                TIMER_GetLastCaptureValue
 .text.TIMER0_IRQHandler
                0x00000850       0x94 ./src/DR_Timer.o
                0x00000850                TIMER0_IRQHandler
 .text.TIMER1_IRQHandler
                0x000008e4       0xe4 ./src/DR_Timer.o
                0x000008e4                TIMER1_IRQHandler
 .text.TIMER2_IRQHandler
                0x000009c8       0x8c ./src/DR_Timer.o
                0x000009c8                TIMER2_IRQHandler
 .text.TIMER3_IRQHandler
                0x00000a54       0x8c ./src/DR_Timer.o
                0x00000a54                TIMER3_IRQHandler
 .text.UART0_Inicializacion
                0x00000ae0       0x88 ./src/DR_UART0.o
                0x00000ae0                UART0_Inicializacion
 .text.UART0_PushRX
                0x00000b68       0x60 ./src/DR_UART0.o
                0x00000b68                UART0_PushRX
 .text.UART0_PopTX
                0x00000bc8       0x60 ./src/DR_UART0.o
                0x00000bc8                UART0_PopTX
 .text.enviar   0x00000c28       0x20 ./src/DR_UART0.o
                0x00000c28                enviar
 .text.UART0_IRQHandler
                0x00000c48       0x6c ./src/DR_UART0.o
                0x00000c48                UART0_IRQHandler
 .text.SetDIR   0x00000cb4       0x74 ./src/DR_gpio.o
                0x00000cb4                SetDIR
 .text.SetPIN   0x00000d28       0x78 ./src/DR_gpio.o
                0x00000d28                SetPIN
 .text.SetMODE  0x00000da0       0x9c ./src/DR_gpio.o
                0x00000da0                SetMODE
 .text.GetPIN   0x00000e3c       0x54 ./src/DR_gpio.o
                0x00000e3c                GetPIN
 .text.SetPINSEL
                0x00000e90       0xcc ./src/DR_pinsel.o
                0x00000e90                SetPINSEL
 .text.UART0_PopRX
                0x00000f5c       0x60 ./src/PR_UART.o
                0x00000f5c                UART0_PopRX
 .text.UART0_PushTX
                0x00000fbc       0x80 ./src/PR_UART.o
                0x00000fbc                UART0_PushTX
 .text.main     0x0000103c      0x17c ./src/main.o
                0x0000103c                main
 .text.TimerInterrupt
                0x000011b8       0x68 ./src/main.o
                0x000011b8                TimerInterrupt
 .text.InicializarSENSOR
                0x00001220      0x1bc ./src/main.o
                0x00001220                InicializarSENSOR
 .text.mide_periodo
                0x000013dc       0x28 ./src/main.o
                0x000013dc                mide_periodo
 .text.__weak_main
                0x00001404        0x4 c:/nxp/lpcxpresso_8.2.2_650/lpcxpresso/tools/bin/../lib/gcc/arm-none-eabi/5.4.1/../../../../arm-none-eabi/lib/armv7-m\libcr_c.a(__weak__main.o)
                0x00001404                __weak_main
                0x00001404                __main
 *(.rodata .rodata.* .constdata .constdata.*)
                0x00001408                . = ALIGN (0x4)

.glue_7         0x00001408        0x0
 .glue_7        0x00001408        0x0 linker stubs

.glue_7t        0x00001408        0x0
 .glue_7t       0x00001408        0x0 linker stubs

.vfp11_veneer   0x00001408        0x0
 .vfp11_veneer  0x00001408        0x0 linker stubs

.v4_bx          0x00001408        0x0
 .v4_bx         0x00001408        0x0 linker stubs

.iplt           0x00001408        0x0
 .iplt          0x00001408        0x0 ./src/DR_EINT.o

.rel.dyn        0x00001408        0x0
 .rel.iplt      0x00001408        0x0 ./src/DR_EINT.o

.ARM.extab
 *(.ARM.extab* .gnu.linkonce.armextab.*)
                0x00001408                __exidx_start = .

.ARM.exidx
 *(.ARM.exidx* .gnu.linkonce.armexidx.*)
                0x00001408                __exidx_end = .
                0x00001408                _etext = .

.data_RAM2      0x2007c000        0x0 load address 0x00001408
 FILL mask 0xff
                [!provide]                PROVIDE (__start_data_RAM2, .)
 *(.ramfunc.$RAM2)
 *(.ramfunc.$RamAHB32)
 *(.data.$RAM2*)
 *(.data.$RamAHB32*)
                0x2007c000                . = ALIGN (0x4)
                [!provide]                PROVIDE (__end_data_RAM2, .)

.uninit_RESERVED
                0x10000000        0x0
 *(.bss.$RESERVED*)
                0x10000000                . = ALIGN (0x4)
                0x10000000                _end_uninit_RESERVED = .

.data           0x10000000        0x4 load address 0x00001408
 FILL mask 0xff
                0x10000000                _data = .
 *(vtable)
 *(.ramfunc*)
 *(.data*)
 .data.Tecla    0x10000000        0x1 ./src/DR_Teclados.o
                0x10000000                Tecla
 .data.key_anterior.3727
                0x10000001        0x1 ./src/DR_Teclados.o
                0x10000004                . = ALIGN (0x4)
 *fill*         0x10000002        0x2 ff
                0x10000004                _edata = .

.igot.plt       0x10000004        0x0 load address 0x0000140c
 .igot.plt      0x10000004        0x0 ./src/DR_EINT.o

.bss_RAM2       0x2007c000        0x0
                [!provide]                PROVIDE (__start_bss_RAM2, .)
 *(.bss.$RAM2*)
 *(.bss.$RamAHB32*)
                0x2007c000                . = ALIGN ((. != 0x0)?0x4:0x1)
                [!provide]                PROVIDE (__end_bss_RAM2, .)

.bss            0x10000004      0x1e8
                0x10000004                _bss = .
 *(.bss*)
 .bss.contador.3726
                0x10000004        0x1 ./src/DR_Teclados.o
 .bss.valor1    0x10000005        0x1 ./src/DR_Timer.o
                0x10000005                valor1
 .bss.valor2    0x10000006        0x1 ./src/DR_Timer.o
                0x10000006                valor2
 *fill*         0x10000007        0x1 
 .bss.g_matchCallback
                0x10000008       0x10 ./src/DR_Timer.o
 .bss.g_runningFreq
                0x10000018       0x10 ./src/DR_Timer.o
                0x10000018                g_runningFreq
 .bss.g_capturePulseCounter
                0x10000028       0x20 ./src/DR_Timer.o
                0x10000028                g_capturePulseCounter
 .bss.g_captureState
                0x10000048        0x8 ./src/DR_Timer.o
                0x10000048                g_captureState
 .bss.flag1.4138
                0x10000050        0x1 ./src/DR_Timer.o
 .bss.in_tx     0x10000051        0x1 ./src/DR_UART0.o
                0x10000051                in_tx
 .bss.out_tx    0x10000052        0x1 ./src/DR_UART0.o
                0x10000052                out_tx
 .bss.cant_datosRx
                0x10000053        0x1 ./src/DR_UART0.o
                0x10000053                cant_datosRx
 .bss.cant_datosTx
                0x10000054        0x1 ./src/DR_UART0.o
                0x10000054                cant_datosTx
 .bss.transmitiendo
                0x10000055        0x1 ./src/DR_UART0.o
                0x10000055                transmitiendo
 .bss.out_rx    0x10000056        0x1 ./src/DR_UART0.o
                0x10000056                out_rx
 .bss.in_rx     0x10000057        0x1 ./src/DR_UART0.o
                0x10000057                in_rx
 .bss.bufferRx  0x10000058       0xc8 ./src/DR_UART0.o
                0x10000058                bufferRx
 .bss.bufferTx  0x10000120       0xc8 ./src/DR_UART0.o
                0x10000120                bufferTx
 .bss.valor     0x100001e8        0x1 ./src/main.o
                0x100001e8                valor
 *(COMMON)
                0x100001ec                . = ALIGN (0x4)
 *fill*         0x100001e9        0x3 
                0x100001ec                _ebss = .
                [!provide]                PROVIDE (end, .)

.noinit_RAM2    0x2007c000        0x0
 *(.noinit.$RAM2*)
 *(.noinit.$RamAHB32*)
                0x2007c000                . = ALIGN (0x4)

.noinit         0x100001ec        0x0
                0x100001ec                _noinit = .
 *(.noinit*)
                0x100001ec                . = ALIGN (0x4)
                0x100001ec                _end_noinit = .
                [!provide]                PROVIDE (_pvHeapStart, DEFINED (__user_heap_base)?__user_heap_base:.)
                0x10008000                PROVIDE (_vStackTop, DEFINED (__user_stack_top)?__user_stack_top:(__top_RamLoc32 - 0x0))
                0xefff74c6                PROVIDE (__valid_user_code_checksum, (0x0 - ((((((_vStackTop + (ResetISR + 0x1)) + (NMI_Handler + 0x1)) + (HardFault_Handler + 0x1)) + (DEFINED (MemManage_Handler)?MemManage_Handler:0x0 + 0x1)) + (DEFINED (BusFault_Handler)?BusFault_Handler:0x0 + 0x1)) + (DEFINED (UsageFault_Handler)?UsageFault_Handler:0x0 + 0x1))))
OUTPUT(TimerDriver_semi_final.axf elf32-littlearm)

.debug_info     0x00000000     0x11d7
 .debug_info    0x00000000       0xbb ./src/DR_EINT.o
 .debug_info    0x000000bb       0x70 ./src/DR_PLL.o
 .debug_info    0x0000012b      0x14b ./src/DR_SysTick.o
 .debug_info    0x00000276       0xe1 ./src/DR_Teclados.o
 .debug_info    0x00000357      0x4c1 ./src/DR_Timer.o
 .debug_info    0x00000818      0x1e5 ./src/DR_UART0.o
 .debug_info    0x000009fd      0x1c1 ./src/DR_gpio.o
 .debug_info    0x00000bbe       0xa6 ./src/DR_pinsel.o
 .debug_info    0x00000c64      0x12a ./src/PR_UART.o
 .debug_info    0x00000d8e      0x253 ./src/cr_startup_lpc175x_6x.o
 .debug_info    0x00000fe1       0x3f ./src/crp.o
 .debug_info    0x00001020      0x1b7 ./src/main.o

.debug_abbrev   0x00000000      0x8d2
 .debug_abbrev  0x00000000       0x8a ./src/DR_EINT.o
 .debug_abbrev  0x0000008a       0x52 ./src/DR_PLL.o
 .debug_abbrev  0x000000dc       0xcc ./src/DR_SysTick.o
 .debug_abbrev  0x000001a8       0xbc ./src/DR_Teclados.o
 .debug_abbrev  0x00000264      0x153 ./src/DR_Timer.o
 .debug_abbrev  0x000003b7       0xf9 ./src/DR_UART0.o
 .debug_abbrev  0x000004b0       0xba ./src/DR_gpio.o
 .debug_abbrev  0x0000056a       0x70 ./src/DR_pinsel.o
 .debug_abbrev  0x000005da       0xc5 ./src/PR_UART.o
 .debug_abbrev  0x0000069f       0xf5 ./src/cr_startup_lpc175x_6x.o
 .debug_abbrev  0x00000794       0x36 ./src/crp.o
 .debug_abbrev  0x000007ca      0x108 ./src/main.o

.debug_aranges  0x00000000      0x2e8
 .debug_aranges
                0x00000000       0x28 ./src/DR_EINT.o
 .debug_aranges
                0x00000028       0x20 ./src/DR_PLL.o
 .debug_aranges
                0x00000048       0x28 ./src/DR_SysTick.o
 .debug_aranges
                0x00000070       0x30 ./src/DR_Teclados.o
 .debug_aranges
                0x000000a0       0xa8 ./src/DR_Timer.o
 .debug_aranges
                0x00000148       0x40 ./src/DR_UART0.o
 .debug_aranges
                0x00000188       0x38 ./src/DR_gpio.o
 .debug_aranges
                0x000001c0       0x20 ./src/DR_pinsel.o
 .debug_aranges
                0x000001e0       0x30 ./src/PR_UART.o
 .debug_aranges
                0x00000210       0x80 ./src/cr_startup_lpc175x_6x.o
 .debug_aranges
                0x00000290       0x18 ./src/crp.o
 .debug_aranges
                0x000002a8       0x40 ./src/main.o

.debug_ranges   0x00000000      0x220
 .debug_ranges  0x00000000       0x18 ./src/DR_EINT.o
 .debug_ranges  0x00000018       0x10 ./src/DR_PLL.o
 .debug_ranges  0x00000028       0x18 ./src/DR_SysTick.o
 .debug_ranges  0x00000040       0x20 ./src/DR_Teclados.o
 .debug_ranges  0x00000060       0x98 ./src/DR_Timer.o
 .debug_ranges  0x000000f8       0x30 ./src/DR_UART0.o
 .debug_ranges  0x00000128       0x28 ./src/DR_gpio.o
 .debug_ranges  0x00000150       0x10 ./src/DR_pinsel.o
 .debug_ranges  0x00000160       0x20 ./src/PR_UART.o
 .debug_ranges  0x00000180       0x70 ./src/cr_startup_lpc175x_6x.o
 .debug_ranges  0x000001f0       0x30 ./src/main.o

.debug_macro    0x00000000     0x2240
 .debug_macro   0x00000000       0x4a ./src/DR_EINT.o
 .debug_macro   0x0000004a      0x886 ./src/DR_EINT.o
 .debug_macro   0x000008d0       0x2e ./src/DR_EINT.o
 .debug_macro   0x000008fe       0x5e ./src/DR_EINT.o
 .debug_macro   0x0000095c      0x172 ./src/DR_EINT.o
 .debug_macro   0x00000ace       0x2e ./src/DR_EINT.o
 .debug_macro   0x00000afc      0x172 ./src/DR_EINT.o
 .debug_macro   0x00000c6e       0x29 ./src/DR_PLL.o
 .debug_macro   0x00000c97      0x264 ./src/DR_PLL.o
 .debug_macro   0x00000efb       0x59 ./src/DR_SysTick.o
 .debug_macro   0x00000f54       0x64 ./src/DR_SysTick.o
 .debug_macro   0x00000fb8      0x100 ./src/DR_SysTick.o
 .debug_macro   0x000010b8       0x28 ./src/DR_SysTick.o
 .debug_macro   0x000010e0       0x40 ./src/DR_SysTick.o
 .debug_macro   0x00001120       0x50 ./src/DR_Teclados.o
 .debug_macro   0x00001170       0x6f ./src/DR_Timer.o
 .debug_macro   0x000011df       0x10 ./src/DR_Timer.o
 .debug_macro   0x000011ef      0x12d ./src/DR_Timer.o
 .debug_macro   0x0000131c       0xa0 ./src/DR_Timer.o
 .debug_macro   0x000013bc       0x28 ./src/DR_Timer.o
 .debug_macro   0x000013e4      0x271 ./src/DR_Timer.o
 .debug_macro   0x00001655      0x26a ./src/DR_Timer.o
 .debug_macro   0x000018bf       0x62 ./src/DR_UART0.o
 .debug_macro   0x00001921      0x12a ./src/DR_UART0.o
 .debug_macro   0x00001a4b       0x29 ./src/DR_gpio.o
 .debug_macro   0x00001a74      0x16c ./src/DR_gpio.o
 .debug_macro   0x00001be0       0x29 ./src/DR_pinsel.o
 .debug_macro   0x00001c09       0x72 ./src/PR_UART.o
 .debug_macro   0x00001c7b       0x1d ./src/cr_startup_lpc175x_6x.o
 .debug_macro   0x00001c98       0x1a ./src/crp.o
 .debug_macro   0x00001cb2       0x34 ./src/crp.o
 .debug_macro   0x00001ce6      0x115 ./src/main.o
 .debug_macro   0x00001dfb       0x82 ./src/main.o
 .debug_macro   0x00001e7d      0x277 ./src/main.o
 .debug_macro   0x000020f4      0x106 ./src/main.o
 .debug_macro   0x000021fa       0x46 ./src/main.o

.debug_line     0x00000000      0xd29
 .debug_line    0x00000000       0x9f ./src/DR_EINT.o
 .debug_line    0x0000009f       0x9c ./src/DR_PLL.o
 .debug_line    0x0000013b       0xb4 ./src/DR_SysTick.o
 .debug_line    0x000001ef       0xcf ./src/DR_Teclados.o
 .debug_line    0x000002be      0x3fa ./src/DR_Timer.o
 .debug_line    0x000006b8      0x107 ./src/DR_UART0.o
 .debug_line    0x000007bf       0xa8 ./src/DR_gpio.o
 .debug_line    0x00000867       0x69 ./src/DR_pinsel.o
 .debug_line    0x000008d0       0xde ./src/PR_UART.o
 .debug_line    0x000009ae       0xd4 ./src/cr_startup_lpc175x_6x.o
 .debug_line    0x00000a82       0x78 ./src/crp.o
 .debug_line    0x00000afa      0x22f ./src/main.o

.debug_str      0x00000000     0x5b42
 .debug_str     0x00000000     0x3066 ./src/DR_EINT.o
                               0x30a3 (size before relaxing)
 .debug_str     0x00003066      0x7bc ./src/DR_PLL.o
                               0x2d0d (size before relaxing)
 .debug_str     0x00003822      0x43d ./src/DR_SysTick.o
                               0x2f52 (size before relaxing)
 .debug_str     0x00003c5f       0x65 ./src/DR_Teclados.o
                               0x2de2 (size before relaxing)
 .debug_str     0x00003cc4     0x117c ./src/DR_Timer.o
                               0x403c (size before relaxing)
 .debug_str     0x00004e40      0x406 ./src/DR_UART0.o
                               0x3c0b (size before relaxing)
 .debug_str     0x00005246       0x45 ./src/DR_gpio.o
                               0x29fd (size before relaxing)
 .debug_str     0x0000528b       0x1d ./src/DR_pinsel.o
                               0x26a9 (size before relaxing)
 .debug_str     0x000052a8       0x5d ./src/PR_UART.o
                               0x3bf5 (size before relaxing)
 .debug_str     0x00005305      0x1b2 ./src/cr_startup_lpc175x_6x.o
                               0x2690 (size before relaxing)
 .debug_str     0x000054b7       0xe9 ./src/crp.o
                               0x25a8 (size before relaxing)
 .debug_str     0x000055a0      0x5a2 ./src/main.o
                               0x4cd1 (size before relaxing)

.comment        0x00000000       0xdc
 .comment       0x00000000       0x6e ./src/DR_EINT.o
                                 0x6f (size before relaxing)
 .comment       0x0000006e       0x6f ./src/DR_PLL.o
 .comment       0x0000006e       0x6f ./src/DR_SysTick.o
 .comment       0x0000006e       0x6f ./src/DR_Teclados.o
 .comment       0x0000006e       0x6f ./src/DR_Timer.o
 .comment       0x0000006e       0x6f ./src/DR_UART0.o
 .comment       0x0000006e       0x6f ./src/DR_gpio.o
 .comment       0x0000006e       0x6f ./src/DR_pinsel.o
 .comment       0x0000006e       0x6f ./src/PR_UART.o
 .comment       0x0000006e       0x6f ./src/cr_startup_lpc175x_6x.o
 .comment       0x0000006e       0x6f ./src/crp.o
 .comment       0x0000006e       0x6f ./src/main.o
 .comment       0x0000006e       0x6e c:/nxp/lpcxpresso_8.2.2_650/lpcxpresso/tools/bin/../lib/gcc/arm-none-eabi/5.4.1/../../../../arm-none-eabi/lib/armv7-m\libcr_c.a(__weak__main.o)
                                 0x6f (size before relaxing)

.ARM.attributes
                0x00000000       0x33
 .ARM.attributes
                0x00000000       0x33 ./src/DR_EINT.o
 .ARM.attributes
                0x00000033       0x33 ./src/DR_PLL.o
 .ARM.attributes
                0x00000066       0x33 ./src/DR_SysTick.o
 .ARM.attributes
                0x00000099       0x33 ./src/DR_Teclados.o
 .ARM.attributes
                0x000000cc       0x33 ./src/DR_Timer.o
 .ARM.attributes
                0x000000ff       0x33 ./src/DR_UART0.o
 .ARM.attributes
                0x00000132       0x33 ./src/DR_gpio.o
 .ARM.attributes
                0x00000165       0x33 ./src/DR_pinsel.o
 .ARM.attributes
                0x00000198       0x33 ./src/PR_UART.o
 .ARM.attributes
                0x000001cb       0x33 ./src/cr_startup_lpc175x_6x.o
 .ARM.attributes
                0x000001fe       0x33 ./src/crp.o
 .ARM.attributes
                0x00000231       0x33 ./src/main.o
 .ARM.attributes
                0x00000264       0x33 c:/nxp/lpcxpresso_8.2.2_650/lpcxpresso/tools/bin/../lib/gcc/arm-none-eabi/5.4.1/../../../../arm-none-eabi/lib/armv7-m\libcr_c.a(__weak__main.o)

.debug_frame    0x00000000      0x840
 .debug_frame   0x00000000       0x54 ./src/DR_EINT.o
 .debug_frame   0x00000054       0x30 ./src/DR_PLL.o
 .debug_frame   0x00000084       0x4c ./src/DR_SysTick.o
 .debug_frame   0x000000d0       0x6c ./src/DR_Teclados.o
 .debug_frame   0x0000013c      0x2b0 ./src/DR_Timer.o
 .debug_frame   0x000003ec       0xc8 ./src/DR_UART0.o
 .debug_frame   0x000004b4       0xb0 ./src/DR_gpio.o
 .debug_frame   0x00000564       0x38 ./src/DR_pinsel.o
 .debug_frame   0x0000059c       0x7c ./src/PR_UART.o
 .debug_frame   0x00000618      0x170 ./src/cr_startup_lpc175x_6x.o
 .debug_frame   0x00000788       0xb8 ./src/main.o
